(CDPATH="${ZSH_VERSION+.}:" && cd . && /bin/bash '/workspaces/chromium-bsu/missing' autoheader)
rm -f stamp-h1
touch chromium-bsu-config.h.in
cd . && /bin/bash ./config.status chromium-bsu-config.h
config.status: creating chromium-bsu-config.h
config.status: chromium-bsu-config.h is unchanged
make  all-recursive
make[1]: Entering directory '/workspaces/chromium-bsu'
Making all in po
make[2]: Entering directory '/workspaces/chromium-bsu/po'
make chromium-bsu.pot-update
make[3]: Entering directory '/workspaces/chromium-bsu/po'
sed -e '/^#/d' remove-potcdate.sin > t-remove-potcdate.sed
mv t-remove-potcdate.sed remove-potcdate.sed
if { if (LC_ALL=C find --version) 2>/dev/null | grep GNU >/dev/null; then \
       LC_ALL=C find -L .. -maxdepth 1 -type f -size -10000000c -exec grep 'GNU chromium-bsu' /dev/null '{}' ';' 2>/dev/null; \
     else \
       LC_ALL=C grep 'GNU chromium-bsu' ../* 2>/dev/null; \
     fi; \
   } | grep -v 'libtool:' >/dev/null; then \
  package_gnu='GNU '; \
else \
  package_gnu=''; \
fi; \
if test -n '' || test 'https://sf.net/p/chromium-bsu/bugs' = '@'PACKAGE_BUGREPORT'@'; then \
  msgid_bugs_address=''; \
else \
  msgid_bugs_address='https://sf.net/p/chromium-bsu/bugs'; \
fi; \
case `/usr/bin/xgettext --version | sed 1q | sed -e 's,^[^0-9]*,,'` in \
  '' | 0.[0-9] | 0.[0-9].* | 0.1[0-5] | 0.1[0-5].* | 0.16 | 0.16.[0-1]*) \
    /usr/bin/xgettext --default-domain=chromium-bsu --directory=.. \
      --add-comments=TRANSLATORS: --keyword=_ --keyword=N_  \
      --files-from=./POTFILES.in \
      --copyright-holder='' \
      --msgid-bugs-address="$msgid_bugs_address" \
    ;; \
  *) \
    /usr/bin/xgettext --default-domain=chromium-bsu --directory=.. \
      --add-comments=TRANSLATORS: --keyword=_ --keyword=N_  \
      --files-from=./POTFILES.in \
      --copyright-holder='' \
      --package-name="${package_gnu}chromium-bsu" \
      --package-version='0.9.16.1' \
      --msgid-bugs-address="$msgid_bugs_address" \
    ;; \
esac
test ! -f chromium-bsu.po || { \
  if test -f ./chromium-bsu.pot; then \
    sed -f remove-potcdate.sed < ./chromium-bsu.pot > chromium-bsu.1po && \
    sed -f remove-potcdate.sed < chromium-bsu.po > chromium-bsu.2po && \
    if cmp chromium-bsu.1po chromium-bsu.2po >/dev/null 2>&1; then \
      rm -f chromium-bsu.1po chromium-bsu.2po chromium-bsu.po; \
    else \
      rm -f chromium-bsu.1po chromium-bsu.2po ./chromium-bsu.pot && \
      mv chromium-bsu.po ./chromium-bsu.pot; \
    fi; \
  else \
    mv chromium-bsu.po ./chromium-bsu.pot; \
  fi; \
}
make[3]: Leaving directory '/workspaces/chromium-bsu/po'
test ! -f ./chromium-bsu.pot || \
  test -z "bg.gmo de.gmo es.gmo fr.gmo it.gmo ro.gmo ru.gmo sv.gmo zh_CN.gmo zh_TW.gmo tr.gmo" || make bg.gmo de.gmo es.gmo fr.gmo it.gmo ro.gmo ru.gmo sv.gmo zh_CN.gmo zh_TW.gmo tr.gmo
make[3]: Entering directory '/workspaces/chromium-bsu/po'
/usr/bin/msgmerge --update --no-wrap --lang=bg bg.po chromium-bsu.pot
/usr/bin/msgmerge --update --no-wrap --lang=es es.po chromium-bsu.pot
/usr/bin/msgmerge --update --no-wrap --lang=de de.po chromium-bsu.pot
/usr/bin/msgmerge --update --no-wrap --lang=fr fr.po chromium-bsu.pot
........................................................................................................................... done.
... done.
...... done.
 done.
/usr/bin/msgmerge --update --no-wrap --lang=it it.po chromium-bsu.pot
/usr/bin/msgmerge --update --no-wrap --lang=ro ro.po chromium-bsu.pot
/usr/bin/msgmerge --update --no-wrap --lang=ru ru.po chromium-bsu.pot
/usr/bin/msgmerge --update --no-wrap --lang=sv sv.po chromium-bsu.pot
................................................................................................................... done.
..... done.
....... done.
..... done.
/usr/bin/msgmerge --update --no-wrap --lang=zh_CN zh_CN.po chromium-bsu.pot
/usr/bin/msgmerge --update --no-wrap --lang=zh_TW zh_TW.po chromium-bsu.pot
/usr/bin/msgmerge --update --no-wrap --lang=tr tr.po chromium-bsu.pot
rm -f bg.gmo && /usr/bin/msgfmt -c --statistics --verbose -o bg.gmo bg.po
.bg.po: 178 translated messages.., 6 fuzzy translations, 5 untranslated messages.......
.......................................rm -f de.gmo && /usr/bin/msgfmt -c --statistics --verbose -o de.gmo de.po
............................................ done.
....... done.
 done.
de.po: 185 translated messages, 4 untranslated messages.
rm -f es.gmo && /usr/bin/msgfmt -c --statistics --verbose -o es.gmo es.po
rm -f fr.gmo && /usr/bin/msgfmt -c --statistics --verbose -o fr.gmo fr.po
es.po: 178 translated messages, 6 fuzzy translations, 5 untranslated messages.
rm -f it.gmo && /usr/bin/msgfmt -c --statistics --verbose -o it.gmo it.po
rm -f ro.gmo && /usr/bin/msgfmt -c --statistics --verbose -o ro.gmo ro.po
rm -f ru.gmo && /usr/bin/msgfmt -c --statistics --verbose -o ru.gmo ru.po
fr.po: 178 translated messages, 6 fuzzy translations, 5 untranslated messages.
ro.po:7: warning: header field 'Language-Team' missing in header
rm -f sv.gmo && /usr/bin/msgfmt -c --statistics --verbose -o sv.gmo sv.po
ro.po: 1 translated message, 1 fuzzy translation, 187 untranslated messages.
it.po: 170 translated messages, 2 fuzzy translationsrm -f zh_CN.gmo && /usr/bin/msgfmt -c --statistics --verbose -o zh_CN.gmo zh_CN.po
, 17 untranslated messagesru.po: 132 translated messages.
, 6 fuzzy translations, 51 untranslated messages.
rm -f zh_TW.gmo && /usr/bin/msgfmt -c --statistics --verbose -o zh_TW.gmo zh_TW.po
rm -f tr.gmo && /usr/bin/msgfmt -c --statistics --verbose -o tr.gmo tr.po
sv.po: 170 translated messages, 6 fuzzy translations, 13 untranslated messages.
zh_CN.po: 177 translated messages, 6 fuzzy translations, 6 untranslated messages.
zh_TW.po: 176 translated messages, 7 fuzzy translations, 6 untranslated messages.
tr.po: 77 translated messages, 112 untranslated messages.
make[3]: Leaving directory '/workspaces/chromium-bsu/po'
touch stamp-po
make[2]: Leaving directory '/workspaces/chromium-bsu/po'
Making all in misc
make[2]: Entering directory '/workspaces/chromium-bsu/misc'
msgfmt --desktop -d ../po --template chromium-bsu.desktop.in -o chromium-bsu.desktop
make[2]: Leaving directory '/workspaces/chromium-bsu/misc'
Making all in src
make[2]: Entering directory '/workspaces/chromium-bsu/src'
g++ -DHAVE_CONFIG_H -I. -I..     -I/usr/include/SDL2 -D_REENTRANT -I/usr/include/libpng16 -I/usr/include/aarch64-linux-gnu -I/usr/include/webp  -I/usr/include/SDL2 -D_REENTRANT  -I/usr/include/SDL2 -I/usr/include/glib-2.0 -I/usr/lib/aarch64-linux-gnu/glib-2.0/include -I/usr/include/opus -I/usr/include/aarch64-linux-gnu -I/usr/include/pipewire-0.3 -I/usr/include/spa-0.2 -I/usr/include/dbus-1.0 -I/usr/lib/aarch64-linux-gnu/dbus-1.0/include -I/usr/include/libinstpatch-2 -pthread -D_REENTRANT -D_DEFAULT_SOURCE -D_XOPEN_SOURCE=600  "-DPACKAGE=\"chromium-bsu\"" "-DLOCALEDIR=\"/workspaces/chromium-bsu/install/share/locale\"" "-DPKGDATADIR=\"/workspaces/chromium-bsu/install/share/chromium-bsu\""   -g -O2 -MT chromium_bsu-Ammo.o -MD -MP -MF .deps/chromium_bsu-Ammo.Tpo -c -o chromium_bsu-Ammo.o `test -f 'Ammo.cpp' || echo './'`Ammo.cpp
g++ -DHAVE_CONFIG_H -I. -I..     -I/usr/include/SDL2 -D_REENTRANT -I/usr/include/libpng16 -I/usr/include/aarch64-linux-gnu -I/usr/include/webp  -I/usr/include/SDL2 -D_REENTRANT  -I/usr/include/SDL2 -I/usr/include/glib-2.0 -I/usr/lib/aarch64-linux-gnu/glib-2.0/include -I/usr/include/opus -I/usr/include/aarch64-linux-gnu -I/usr/include/pipewire-0.3 -I/usr/include/spa-0.2 -I/usr/include/dbus-1.0 -I/usr/lib/aarch64-linux-gnu/dbus-1.0/include -I/usr/include/libinstpatch-2 -pthread -D_REENTRANT -D_DEFAULT_SOURCE -D_XOPEN_SOURCE=600  "-DPACKAGE=\"chromium-bsu\"" "-DLOCALEDIR=\"/workspaces/chromium-bsu/install/share/locale\"" "-DPKGDATADIR=\"/workspaces/chromium-bsu/install/share/chromium-bsu\""   -g -O2 -MT chromium_bsu-Audio.o -MD -MP -MF .deps/chromium_bsu-Audio.Tpo -c -o chromium_bsu-Audio.o `test -f 'Audio.cpp' || echo './'`Audio.cpp
g++ -DHAVE_CONFIG_H -I. -I..     -I/usr/include/SDL2 -D_REENTRANT -I/usr/include/libpng16 -I/usr/include/aarch64-linux-gnu -I/usr/include/webp  -I/usr/include/SDL2 -D_REENTRANT  -I/usr/include/SDL2 -I/usr/include/glib-2.0 -I/usr/lib/aarch64-linux-gnu/glib-2.0/include -I/usr/include/opus -I/usr/include/aarch64-linux-gnu -I/usr/include/pipewire-0.3 -I/usr/include/spa-0.2 -I/usr/include/dbus-1.0 -I/usr/lib/aarch64-linux-gnu/dbus-1.0/include -I/usr/include/libinstpatch-2 -pthread -D_REENTRANT -D_DEFAULT_SOURCE -D_XOPEN_SOURCE=600  "-DPACKAGE=\"chromium-bsu\"" "-DLOCALEDIR=\"/workspaces/chromium-bsu/install/share/locale\"" "-DPKGDATADIR=\"/workspaces/chromium-bsu/install/share/chromium-bsu\""   -g -O2 -MT chromium_bsu-AudioOpenAL.o -MD -MP -MF .deps/chromium_bsu-AudioOpenAL.Tpo -c -o chromium_bsu-AudioOpenAL.o `test -f 'AudioOpenAL.cpp' || echo './'`AudioOpenAL.cpp
g++ -DHAVE_CONFIG_H -I. -I..     -I/usr/include/SDL2 -D_REENTRANT -I/usr/include/libpng16 -I/usr/include/aarch64-linux-gnu -I/usr/include/webp  -I/usr/include/SDL2 -D_REENTRANT  -I/usr/include/SDL2 -I/usr/include/glib-2.0 -I/usr/lib/aarch64-linux-gnu/glib-2.0/include -I/usr/include/opus -I/usr/include/aarch64-linux-gnu -I/usr/include/pipewire-0.3 -I/usr/include/spa-0.2 -I/usr/include/dbus-1.0 -I/usr/lib/aarch64-linux-gnu/dbus-1.0/include -I/usr/include/libinstpatch-2 -pthread -D_REENTRANT -D_DEFAULT_SOURCE -D_XOPEN_SOURCE=600  "-DPACKAGE=\"chromium-bsu\"" "-DLOCALEDIR=\"/workspaces/chromium-bsu/install/share/locale\"" "-DPKGDATADIR=\"/workspaces/chromium-bsu/install/share/chromium-bsu\""   -g -O2 -MT chromium_bsu-AudioSDLMixer.o -MD -MP -MF .deps/chromium_bsu-AudioSDLMixer.Tpo -c -o chromium_bsu-AudioSDLMixer.o `test -f 'AudioSDLMixer.cpp' || echo './'`AudioSDLMixer.cpp
mv -f .deps/chromium_bsu-AudioOpenAL.Tpo .deps/chromium_bsu-AudioOpenAL.Po
g++ -DHAVE_CONFIG_H -I. -I..     -I/usr/include/SDL2 -D_REENTRANT -I/usr/include/libpng16 -I/usr/include/aarch64-linux-gnu -I/usr/include/webp  -I/usr/include/SDL2 -D_REENTRANT  -I/usr/include/SDL2 -I/usr/include/glib-2.0 -I/usr/lib/aarch64-linux-gnu/glib-2.0/include -I/usr/include/opus -I/usr/include/aarch64-linux-gnu -I/usr/include/pipewire-0.3 -I/usr/include/spa-0.2 -I/usr/include/dbus-1.0 -I/usr/lib/aarch64-linux-gnu/dbus-1.0/include -I/usr/include/libinstpatch-2 -pthread -D_REENTRANT -D_DEFAULT_SOURCE -D_XOPEN_SOURCE=600  "-DPACKAGE=\"chromium-bsu\"" "-DLOCALEDIR=\"/workspaces/chromium-bsu/install/share/locale\"" "-DPKGDATADIR=\"/workspaces/chromium-bsu/install/share/chromium-bsu\""   -g -O2 -MT chromium_bsu-Config.o -MD -MP -MF .deps/chromium_bsu-Config.Tpo -c -o chromium_bsu-Config.o `test -f 'Config.cpp' || echo './'`Config.cpp
mv -f .deps/chromium_bsu-Ammo.Tpo .deps/chromium_bsu-Ammo.Po
g++ -DHAVE_CONFIG_H -I. -I..     -I/usr/include/SDL2 -D_REENTRANT -I/usr/include/libpng16 -I/usr/include/aarch64-linux-gnu -I/usr/include/webp  -I/usr/include/SDL2 -D_REENTRANT  -I/usr/include/SDL2 -I/usr/include/glib-2.0 -I/usr/lib/aarch64-linux-gnu/glib-2.0/include -I/usr/include/opus -I/usr/include/aarch64-linux-gnu -I/usr/include/pipewire-0.3 -I/usr/include/spa-0.2 -I/usr/include/dbus-1.0 -I/usr/lib/aarch64-linux-gnu/dbus-1.0/include -I/usr/include/libinstpatch-2 -pthread -D_REENTRANT -D_DEFAULT_SOURCE -D_XOPEN_SOURCE=600  "-DPACKAGE=\"chromium-bsu\"" "-DLOCALEDIR=\"/workspaces/chromium-bsu/install/share/locale\"" "-DPKGDATADIR=\"/workspaces/chromium-bsu/install/share/chromium-bsu\""   -g -O2 -MT chromium_bsu-EnemyAircraft_Boss00.o -MD -MP -MF .deps/chromium_bsu-EnemyAircraft_Boss00.Tpo -c -o chromium_bsu-EnemyAircraft_Boss00.o `test -f 'EnemyAircraft_Boss00.cpp' || echo './'`EnemyAircraft_Boss00.cpp
mv -f .deps/chromium_bsu-Config.Tpo .deps/chromium_bsu-Config.Po
g++ -DHAVE_CONFIG_H -I. -I..     -I/usr/include/SDL2 -D_REENTRANT -I/usr/include/libpng16 -I/usr/include/aarch64-linux-gnu -I/usr/include/webp  -I/usr/include/SDL2 -D_REENTRANT  -I/usr/include/SDL2 -I/usr/include/glib-2.0 -I/usr/lib/aarch64-linux-gnu/glib-2.0/include -I/usr/include/opus -I/usr/include/aarch64-linux-gnu -I/usr/include/pipewire-0.3 -I/usr/include/spa-0.2 -I/usr/include/dbus-1.0 -I/usr/lib/aarch64-linux-gnu/dbus-1.0/include -I/usr/include/libinstpatch-2 -pthread -D_REENTRANT -D_DEFAULT_SOURCE -D_XOPEN_SOURCE=600  "-DPACKAGE=\"chromium-bsu\"" "-DLOCALEDIR=\"/workspaces/chromium-bsu/install/share/locale\"" "-DPKGDATADIR=\"/workspaces/chromium-bsu/install/share/chromium-bsu\""   -g -O2 -MT chromium_bsu-EnemyAircraft_Boss01.o -MD -MP -MF .deps/chromium_bsu-EnemyAircraft_Boss01.Tpo -c -o chromium_bsu-EnemyAircraft_Boss01.o `test -f 'EnemyAircraft_Boss01.cpp' || echo './'`EnemyAircraft_Boss01.cpp
mv -f .deps/chromium_bsu-AudioSDLMixer.Tpo .deps/chromium_bsu-AudioSDLMixer.Po
g++ -DHAVE_CONFIG_H -I. -I..     -I/usr/include/SDL2 -D_REENTRANT -I/usr/include/libpng16 -I/usr/include/aarch64-linux-gnu -I/usr/include/webp  -I/usr/include/SDL2 -D_REENTRANT  -I/usr/include/SDL2 -I/usr/include/glib-2.0 -I/usr/lib/aarch64-linux-gnu/glib-2.0/include -I/usr/include/opus -I/usr/include/aarch64-linux-gnu -I/usr/include/pipewire-0.3 -I/usr/include/spa-0.2 -I/usr/include/dbus-1.0 -I/usr/lib/aarch64-linux-gnu/dbus-1.0/include -I/usr/include/libinstpatch-2 -pthread -D_REENTRANT -D_DEFAULT_SOURCE -D_XOPEN_SOURCE=600  "-DPACKAGE=\"chromium-bsu\"" "-DLOCALEDIR=\"/workspaces/chromium-bsu/install/share/locale\"" "-DPKGDATADIR=\"/workspaces/chromium-bsu/install/share/chromium-bsu\""   -g -O2 -MT chromium_bsu-EnemyAircraft.o -MD -MP -MF .deps/chromium_bsu-EnemyAircraft.Tpo -c -o chromium_bsu-EnemyAircraft.o `test -f 'EnemyAircraft.cpp' || echo './'`EnemyAircraft.cpp
mv -f .deps/chromium_bsu-EnemyAircraft_Boss00.Tpo .deps/chromium_bsu-EnemyAircraft_Boss00.Po
g++ -DHAVE_CONFIG_H -I. -I..     -I/usr/include/SDL2 -D_REENTRANT -I/usr/include/libpng16 -I/usr/include/aarch64-linux-gnu -I/usr/include/webp  -I/usr/include/SDL2 -D_REENTRANT  -I/usr/include/SDL2 -I/usr/include/glib-2.0 -I/usr/lib/aarch64-linux-gnu/glib-2.0/include -I/usr/include/opus -I/usr/include/aarch64-linux-gnu -I/usr/include/pipewire-0.3 -I/usr/include/spa-0.2 -I/usr/include/dbus-1.0 -I/usr/lib/aarch64-linux-gnu/dbus-1.0/include -I/usr/include/libinstpatch-2 -pthread -D_REENTRANT -D_DEFAULT_SOURCE -D_XOPEN_SOURCE=600  "-DPACKAGE=\"chromium-bsu\"" "-DLOCALEDIR=\"/workspaces/chromium-bsu/install/share/locale\"" "-DPKGDATADIR=\"/workspaces/chromium-bsu/install/share/chromium-bsu\""   -g -O2 -MT chromium_bsu-EnemyAircraft_Gnat.o -MD -MP -MF .deps/chromium_bsu-EnemyAircraft_Gnat.Tpo -c -o chromium_bsu-EnemyAircraft_Gnat.o `test -f 'EnemyAircraft_Gnat.cpp' || echo './'`EnemyAircraft_Gnat.cpp
mv -f .deps/chromium_bsu-Audio.Tpo .deps/chromium_bsu-Audio.Po
g++ -DHAVE_CONFIG_H -I. -I..     -I/usr/include/SDL2 -D_REENTRANT -I/usr/include/libpng16 -I/usr/include/aarch64-linux-gnu -I/usr/include/webp  -I/usr/include/SDL2 -D_REENTRANT  -I/usr/include/SDL2 -I/usr/include/glib-2.0 -I/usr/lib/aarch64-linux-gnu/glib-2.0/include -I/usr/include/opus -I/usr/include/aarch64-linux-gnu -I/usr/include/pipewire-0.3 -I/usr/include/spa-0.2 -I/usr/include/dbus-1.0 -I/usr/lib/aarch64-linux-gnu/dbus-1.0/include -I/usr/include/libinstpatch-2 -pthread -D_REENTRANT -D_DEFAULT_SOURCE -D_XOPEN_SOURCE=600  "-DPACKAGE=\"chromium-bsu\"" "-DLOCALEDIR=\"/workspaces/chromium-bsu/install/share/locale\"" "-DPKGDATADIR=\"/workspaces/chromium-bsu/install/share/chromium-bsu\""   -g -O2 -MT chromium_bsu-EnemyAircraft_Omni.o -MD -MP -MF .deps/chromium_bsu-EnemyAircraft_Omni.Tpo -c -o chromium_bsu-EnemyAircraft_Omni.o `test -f 'EnemyAircraft_Omni.cpp' || echo './'`EnemyAircraft_Omni.cpp
mv -f .deps/chromium_bsu-EnemyAircraft_Boss01.Tpo .deps/chromium_bsu-EnemyAircraft_Boss01.Po
g++ -DHAVE_CONFIG_H -I. -I..     -I/usr/include/SDL2 -D_REENTRANT -I/usr/include/libpng16 -I/usr/include/aarch64-linux-gnu -I/usr/include/webp  -I/usr/include/SDL2 -D_REENTRANT  -I/usr/include/SDL2 -I/usr/include/glib-2.0 -I/usr/lib/aarch64-linux-gnu/glib-2.0/include -I/usr/include/opus -I/usr/include/aarch64-linux-gnu -I/usr/include/pipewire-0.3 -I/usr/include/spa-0.2 -I/usr/include/dbus-1.0 -I/usr/lib/aarch64-linux-gnu/dbus-1.0/include -I/usr/include/libinstpatch-2 -pthread -D_REENTRANT -D_DEFAULT_SOURCE -D_XOPEN_SOURCE=600  "-DPACKAGE=\"chromium-bsu\"" "-DLOCALEDIR=\"/workspaces/chromium-bsu/install/share/locale\"" "-DPKGDATADIR=\"/workspaces/chromium-bsu/install/share/chromium-bsu\""   -g -O2 -MT chromium_bsu-EnemyAircraft_RayGun.o -MD -MP -MF .deps/chromium_bsu-EnemyAircraft_RayGun.Tpo -c -o chromium_bsu-EnemyAircraft_RayGun.o `test -f 'EnemyAircraft_RayGun.cpp' || echo './'`EnemyAircraft_RayGun.cpp
mv -f .deps/chromium_bsu-EnemyAircraft.Tpo .deps/chromium_bsu-EnemyAircraft.Po
g++ -DHAVE_CONFIG_H -I. -I..     -I/usr/include/SDL2 -D_REENTRANT -I/usr/include/libpng16 -I/usr/include/aarch64-linux-gnu -I/usr/include/webp  -I/usr/include/SDL2 -D_REENTRANT  -I/usr/include/SDL2 -I/usr/include/glib-2.0 -I/usr/lib/aarch64-linux-gnu/glib-2.0/include -I/usr/include/opus -I/usr/include/aarch64-linux-gnu -I/usr/include/pipewire-0.3 -I/usr/include/spa-0.2 -I/usr/include/dbus-1.0 -I/usr/lib/aarch64-linux-gnu/dbus-1.0/include -I/usr/include/libinstpatch-2 -pthread -D_REENTRANT -D_DEFAULT_SOURCE -D_XOPEN_SOURCE=600  "-DPACKAGE=\"chromium-bsu\"" "-DLOCALEDIR=\"/workspaces/chromium-bsu/install/share/locale\"" "-DPKGDATADIR=\"/workspaces/chromium-bsu/install/share/chromium-bsu\""   -g -O2 -MT chromium_bsu-EnemyAircraft_Straight.o -MD -MP -MF .deps/chromium_bsu-EnemyAircraft_Straight.Tpo -c -o chromium_bsu-EnemyAircraft_Straight.o `test -f 'EnemyAircraft_Straight.cpp' || echo './'`EnemyAircraft_Straight.cpp
mv -f .deps/chromium_bsu-EnemyAircraft_Gnat.Tpo .deps/chromium_bsu-EnemyAircraft_Gnat.Po
g++ -DHAVE_CONFIG_H -I. -I..     -I/usr/include/SDL2 -D_REENTRANT -I/usr/include/libpng16 -I/usr/include/aarch64-linux-gnu -I/usr/include/webp  -I/usr/include/SDL2 -D_REENTRANT  -I/usr/include/SDL2 -I/usr/include/glib-2.0 -I/usr/lib/aarch64-linux-gnu/glib-2.0/include -I/usr/include/opus -I/usr/include/aarch64-linux-gnu -I/usr/include/pipewire-0.3 -I/usr/include/spa-0.2 -I/usr/include/dbus-1.0 -I/usr/lib/aarch64-linux-gnu/dbus-1.0/include -I/usr/include/libinstpatch-2 -pthread -D_REENTRANT -D_DEFAULT_SOURCE -D_XOPEN_SOURCE=600  "-DPACKAGE=\"chromium-bsu\"" "-DLOCALEDIR=\"/workspaces/chromium-bsu/install/share/locale\"" "-DPKGDATADIR=\"/workspaces/chromium-bsu/install/share/chromium-bsu\""   -g -O2 -MT chromium_bsu-EnemyAircraft_Tank.o -MD -MP -MF .deps/chromium_bsu-EnemyAircraft_Tank.Tpo -c -o chromium_bsu-EnemyAircraft_Tank.o `test -f 'EnemyAircraft_Tank.cpp' || echo './'`EnemyAircraft_Tank.cpp
mv -f .deps/chromium_bsu-EnemyAircraft_Omni.Tpo .deps/chromium_bsu-EnemyAircraft_Omni.Po
g++ -DHAVE_CONFIG_H -I. -I..     -I/usr/include/SDL2 -D_REENTRANT -I/usr/include/libpng16 -I/usr/include/aarch64-linux-gnu -I/usr/include/webp  -I/usr/include/SDL2 -D_REENTRANT  -I/usr/include/SDL2 -I/usr/include/glib-2.0 -I/usr/lib/aarch64-linux-gnu/glib-2.0/include -I/usr/include/opus -I/usr/include/aarch64-linux-gnu -I/usr/include/pipewire-0.3 -I/usr/include/spa-0.2 -I/usr/include/dbus-1.0 -I/usr/lib/aarch64-linux-gnu/dbus-1.0/include -I/usr/include/libinstpatch-2 -pthread -D_REENTRANT -D_DEFAULT_SOURCE -D_XOPEN_SOURCE=600  "-DPACKAGE=\"chromium-bsu\"" "-DLOCALEDIR=\"/workspaces/chromium-bsu/install/share/locale\"" "-DPKGDATADIR=\"/workspaces/chromium-bsu/install/share/chromium-bsu\""   -g -O2 -MT chromium_bsu-EnemyAmmo.o -MD -MP -MF .deps/chromium_bsu-EnemyAmmo.Tpo -c -o chromium_bsu-EnemyAmmo.o `test -f 'EnemyAmmo.cpp' || echo './'`EnemyAmmo.cpp
mv -f .deps/chromium_bsu-EnemyAircraft_RayGun.Tpo .deps/chromium_bsu-EnemyAircraft_RayGun.Po
g++ -DHAVE_CONFIG_H -I. -I..     -I/usr/include/SDL2 -D_REENTRANT -I/usr/include/libpng16 -I/usr/include/aarch64-linux-gnu -I/usr/include/webp  -I/usr/include/SDL2 -D_REENTRANT  -I/usr/include/SDL2 -I/usr/include/glib-2.0 -I/usr/lib/aarch64-linux-gnu/glib-2.0/include -I/usr/include/opus -I/usr/include/aarch64-linux-gnu -I/usr/include/pipewire-0.3 -I/usr/include/spa-0.2 -I/usr/include/dbus-1.0 -I/usr/lib/aarch64-linux-gnu/dbus-1.0/include -I/usr/include/libinstpatch-2 -pthread -D_REENTRANT -D_DEFAULT_SOURCE -D_XOPEN_SOURCE=600  "-DPACKAGE=\"chromium-bsu\"" "-DLOCALEDIR=\"/workspaces/chromium-bsu/install/share/locale\"" "-DPKGDATADIR=\"/workspaces/chromium-bsu/install/share/chromium-bsu\""   -g -O2 -MT chromium_bsu-EnemyFleet.o -MD -MP -MF .deps/chromium_bsu-EnemyFleet.Tpo -c -o chromium_bsu-EnemyFleet.o `test -f 'EnemyFleet.cpp' || echo './'`EnemyFleet.cpp
mv -f .deps/chromium_bsu-EnemyAircraft_Straight.Tpo .deps/chromium_bsu-EnemyAircraft_Straight.Po
g++ -DHAVE_CONFIG_H -I. -I..     -I/usr/include/SDL2 -D_REENTRANT -I/usr/include/libpng16 -I/usr/include/aarch64-linux-gnu -I/usr/include/webp  -I/usr/include/SDL2 -D_REENTRANT  -I/usr/include/SDL2 -I/usr/include/glib-2.0 -I/usr/lib/aarch64-linux-gnu/glib-2.0/include -I/usr/include/opus -I/usr/include/aarch64-linux-gnu -I/usr/include/pipewire-0.3 -I/usr/include/spa-0.2 -I/usr/include/dbus-1.0 -I/usr/lib/aarch64-linux-gnu/dbus-1.0/include -I/usr/include/libinstpatch-2 -pthread -D_REENTRANT -D_DEFAULT_SOURCE -D_XOPEN_SOURCE=600  "-DPACKAGE=\"chromium-bsu\"" "-DLOCALEDIR=\"/workspaces/chromium-bsu/install/share/locale\"" "-DPKGDATADIR=\"/workspaces/chromium-bsu/install/share/chromium-bsu\""   -g -O2 -MT chromium_bsu-Explosions.o -MD -MP -MF .deps/chromium_bsu-Explosions.Tpo -c -o chromium_bsu-Explosions.o `test -f 'Explosions.cpp' || echo './'`Explosions.cpp
mv -f .deps/chromium_bsu-EnemyAircraft_Tank.Tpo .deps/chromium_bsu-EnemyAircraft_Tank.Po
g++ -DHAVE_CONFIG_H -I. -I..     -I/usr/include/SDL2 -D_REENTRANT -I/usr/include/libpng16 -I/usr/include/aarch64-linux-gnu -I/usr/include/webp  -I/usr/include/SDL2 -D_REENTRANT  -I/usr/include/SDL2 -I/usr/include/glib-2.0 -I/usr/lib/aarch64-linux-gnu/glib-2.0/include -I/usr/include/opus -I/usr/include/aarch64-linux-gnu -I/usr/include/pipewire-0.3 -I/usr/include/spa-0.2 -I/usr/include/dbus-1.0 -I/usr/lib/aarch64-linux-gnu/dbus-1.0/include -I/usr/include/libinstpatch-2 -pthread -D_REENTRANT -D_DEFAULT_SOURCE -D_XOPEN_SOURCE=600  "-DPACKAGE=\"chromium-bsu\"" "-DLOCALEDIR=\"/workspaces/chromium-bsu/install/share/locale\"" "-DPKGDATADIR=\"/workspaces/chromium-bsu/install/share/chromium-bsu\""   -g -O2 -MT chromium_bsu-Global.o -MD -MP -MF .deps/chromium_bsu-Global.Tpo -c -o chromium_bsu-Global.o `test -f 'Global.cpp' || echo './'`Global.cpp
mv -f .deps/chromium_bsu-EnemyAmmo.Tpo .deps/chromium_bsu-EnemyAmmo.Po
g++ -DHAVE_CONFIG_H -I. -I..     -I/usr/include/SDL2 -D_REENTRANT -I/usr/include/libpng16 -I/usr/include/aarch64-linux-gnu -I/usr/include/webp  -I/usr/include/SDL2 -D_REENTRANT  -I/usr/include/SDL2 -I/usr/include/glib-2.0 -I/usr/lib/aarch64-linux-gnu/glib-2.0/include -I/usr/include/opus -I/usr/include/aarch64-linux-gnu -I/usr/include/pipewire-0.3 -I/usr/include/spa-0.2 -I/usr/include/dbus-1.0 -I/usr/lib/aarch64-linux-gnu/dbus-1.0/include -I/usr/include/libinstpatch-2 -pthread -D_REENTRANT -D_DEFAULT_SOURCE -D_XOPEN_SOURCE=600  "-DPACKAGE=\"chromium-bsu\"" "-DLOCALEDIR=\"/workspaces/chromium-bsu/install/share/locale\"" "-DPKGDATADIR=\"/workspaces/chromium-bsu/install/share/chromium-bsu\""   -g -O2 -MT chromium_bsu-Ground.o -MD -MP -MF .deps/chromium_bsu-Ground.Tpo -c -o chromium_bsu-Ground.o `test -f 'Ground.cpp' || echo './'`Ground.cpp
mv -f .deps/chromium_bsu-Ground.Tpo .deps/chromium_bsu-Ground.Po
g++ -DHAVE_CONFIG_H -I. -I..     -I/usr/include/SDL2 -D_REENTRANT -I/usr/include/libpng16 -I/usr/include/aarch64-linux-gnu -I/usr/include/webp  -I/usr/include/SDL2 -D_REENTRANT  -I/usr/include/SDL2 -I/usr/include/glib-2.0 -I/usr/lib/aarch64-linux-gnu/glib-2.0/include -I/usr/include/opus -I/usr/include/aarch64-linux-gnu -I/usr/include/pipewire-0.3 -I/usr/include/spa-0.2 -I/usr/include/dbus-1.0 -I/usr/lib/aarch64-linux-gnu/dbus-1.0/include -I/usr/include/libinstpatch-2 -pthread -D_REENTRANT -D_DEFAULT_SOURCE -D_XOPEN_SOURCE=600  "-DPACKAGE=\"chromium-bsu\"" "-DLOCALEDIR=\"/workspaces/chromium-bsu/install/share/locale\"" "-DPKGDATADIR=\"/workspaces/chromium-bsu/install/share/chromium-bsu\""   -g -O2 -MT chromium_bsu-GroundMetal.o -MD -MP -MF .deps/chromium_bsu-GroundMetal.Tpo -c -o chromium_bsu-GroundMetal.o `test -f 'GroundMetal.cpp' || echo './'`GroundMetal.cpp
mv -f .deps/chromium_bsu-Explosions.Tpo .deps/chromium_bsu-Explosions.Po
g++ -DHAVE_CONFIG_H -I. -I..     -I/usr/include/SDL2 -D_REENTRANT -I/usr/include/libpng16 -I/usr/include/aarch64-linux-gnu -I/usr/include/webp  -I/usr/include/SDL2 -D_REENTRANT  -I/usr/include/SDL2 -I/usr/include/glib-2.0 -I/usr/lib/aarch64-linux-gnu/glib-2.0/include -I/usr/include/opus -I/usr/include/aarch64-linux-gnu -I/usr/include/pipewire-0.3 -I/usr/include/spa-0.2 -I/usr/include/dbus-1.0 -I/usr/lib/aarch64-linux-gnu/dbus-1.0/include -I/usr/include/libinstpatch-2 -pthread -D_REENTRANT -D_DEFAULT_SOURCE -D_XOPEN_SOURCE=600  "-DPACKAGE=\"chromium-bsu\"" "-DLOCALEDIR=\"/workspaces/chromium-bsu/install/share/locale\"" "-DPKGDATADIR=\"/workspaces/chromium-bsu/install/share/chromium-bsu\""   -g -O2 -MT chromium_bsu-GroundMetalSegment.o -MD -MP -MF .deps/chromium_bsu-GroundMetalSegment.Tpo -c -o chromium_bsu-GroundMetalSegment.o `test -f 'GroundMetalSegment.cpp' || echo './'`GroundMetalSegment.cpp
mv -f .deps/chromium_bsu-Global.Tpo .deps/chromium_bsu-Global.Po
g++ -DHAVE_CONFIG_H -I. -I..     -I/usr/include/SDL2 -D_REENTRANT -I/usr/include/libpng16 -I/usr/include/aarch64-linux-gnu -I/usr/include/webp  -I/usr/include/SDL2 -D_REENTRANT  -I/usr/include/SDL2 -I/usr/include/glib-2.0 -I/usr/lib/aarch64-linux-gnu/glib-2.0/include -I/usr/include/opus -I/usr/include/aarch64-linux-gnu -I/usr/include/pipewire-0.3 -I/usr/include/spa-0.2 -I/usr/include/dbus-1.0 -I/usr/lib/aarch64-linux-gnu/dbus-1.0/include -I/usr/include/libinstpatch-2 -pthread -D_REENTRANT -D_DEFAULT_SOURCE -D_XOPEN_SOURCE=600  "-DPACKAGE=\"chromium-bsu\"" "-DLOCALEDIR=\"/workspaces/chromium-bsu/install/share/locale\"" "-DPKGDATADIR=\"/workspaces/chromium-bsu/install/share/chromium-bsu\""   -g -O2 -MT chromium_bsu-GroundSea.o -MD -MP -MF .deps/chromium_bsu-GroundSea.Tpo -c -o chromium_bsu-GroundSea.o `test -f 'GroundSea.cpp' || echo './'`GroundSea.cpp
mv -f .deps/chromium_bsu-EnemyFleet.Tpo .deps/chromium_bsu-EnemyFleet.Po
g++ -DHAVE_CONFIG_H -I. -I..     -I/usr/include/SDL2 -D_REENTRANT -I/usr/include/libpng16 -I/usr/include/aarch64-linux-gnu -I/usr/include/webp  -I/usr/include/SDL2 -D_REENTRANT  -I/usr/include/SDL2 -I/usr/include/glib-2.0 -I/usr/lib/aarch64-linux-gnu/glib-2.0/include -I/usr/include/opus -I/usr/include/aarch64-linux-gnu -I/usr/include/pipewire-0.3 -I/usr/include/spa-0.2 -I/usr/include/dbus-1.0 -I/usr/lib/aarch64-linux-gnu/dbus-1.0/include -I/usr/include/libinstpatch-2 -pthread -D_REENTRANT -D_DEFAULT_SOURCE -D_XOPEN_SOURCE=600  "-DPACKAGE=\"chromium-bsu\"" "-DLOCALEDIR=\"/workspaces/chromium-bsu/install/share/locale\"" "-DPKGDATADIR=\"/workspaces/chromium-bsu/install/share/chromium-bsu\""   -g -O2 -MT chromium_bsu-GroundSeaSegment.o -MD -MP -MF .deps/chromium_bsu-GroundSeaSegment.Tpo -c -o chromium_bsu-GroundSeaSegment.o `test -f 'GroundSeaSegment.cpp' || echo './'`GroundSeaSegment.cpp
mv -f .deps/chromium_bsu-GroundMetal.Tpo .deps/chromium_bsu-GroundMetal.Po
g++ -DHAVE_CONFIG_H -I. -I..     -I/usr/include/SDL2 -D_REENTRANT -I/usr/include/libpng16 -I/usr/include/aarch64-linux-gnu -I/usr/include/webp  -I/usr/include/SDL2 -D_REENTRANT  -I/usr/include/SDL2 -I/usr/include/glib-2.0 -I/usr/lib/aarch64-linux-gnu/glib-2.0/include -I/usr/include/opus -I/usr/include/aarch64-linux-gnu -I/usr/include/pipewire-0.3 -I/usr/include/spa-0.2 -I/usr/include/dbus-1.0 -I/usr/lib/aarch64-linux-gnu/dbus-1.0/include -I/usr/include/libinstpatch-2 -pthread -D_REENTRANT -D_DEFAULT_SOURCE -D_XOPEN_SOURCE=600  "-DPACKAGE=\"chromium-bsu\"" "-DLOCALEDIR=\"/workspaces/chromium-bsu/install/share/locale\"" "-DPKGDATADIR=\"/workspaces/chromium-bsu/install/share/chromium-bsu\""   -g -O2 -MT chromium_bsu-GroundSegment.o -MD -MP -MF .deps/chromium_bsu-GroundSegment.Tpo -c -o chromium_bsu-GroundSegment.o `test -f 'GroundSegment.cpp' || echo './'`GroundSegment.cpp
mv -f .deps/chromium_bsu-GroundSea.Tpo .deps/chromium_bsu-GroundSea.Po
g++ -DHAVE_CONFIG_H -I. -I..     -I/usr/include/SDL2 -D_REENTRANT -I/usr/include/libpng16 -I/usr/include/aarch64-linux-gnu -I/usr/include/webp  -I/usr/include/SDL2 -D_REENTRANT  -I/usr/include/SDL2 -I/usr/include/glib-2.0 -I/usr/lib/aarch64-linux-gnu/glib-2.0/include -I/usr/include/opus -I/usr/include/aarch64-linux-gnu -I/usr/include/pipewire-0.3 -I/usr/include/spa-0.2 -I/usr/include/dbus-1.0 -I/usr/lib/aarch64-linux-gnu/dbus-1.0/include -I/usr/include/libinstpatch-2 -pthread -D_REENTRANT -D_DEFAULT_SOURCE -D_XOPEN_SOURCE=600  "-DPACKAGE=\"chromium-bsu\"" "-DLOCALEDIR=\"/workspaces/chromium-bsu/install/share/locale\"" "-DPKGDATADIR=\"/workspaces/chromium-bsu/install/share/chromium-bsu\""   -g -O2 -MT chromium_bsu-HeroAircraft.o -MD -MP -MF .deps/chromium_bsu-HeroAircraft.Tpo -c -o chromium_bsu-HeroAircraft.o `test -f 'HeroAircraft.cpp' || echo './'`HeroAircraft.cpp
mv -f .deps/chromium_bsu-GroundSegment.Tpo .deps/chromium_bsu-GroundSegment.Po
g++ -DHAVE_CONFIG_H -I. -I..     -I/usr/include/SDL2 -D_REENTRANT -I/usr/include/libpng16 -I/usr/include/aarch64-linux-gnu -I/usr/include/webp  -I/usr/include/SDL2 -D_REENTRANT  -I/usr/include/SDL2 -I/usr/include/glib-2.0 -I/usr/lib/aarch64-linux-gnu/glib-2.0/include -I/usr/include/opus -I/usr/include/aarch64-linux-gnu -I/usr/include/pipewire-0.3 -I/usr/include/spa-0.2 -I/usr/include/dbus-1.0 -I/usr/lib/aarch64-linux-gnu/dbus-1.0/include -I/usr/include/libinstpatch-2 -pthread -D_REENTRANT -D_DEFAULT_SOURCE -D_XOPEN_SOURCE=600  "-DPACKAGE=\"chromium-bsu\"" "-DLOCALEDIR=\"/workspaces/chromium-bsu/install/share/locale\"" "-DPKGDATADIR=\"/workspaces/chromium-bsu/install/share/chromium-bsu\""   -g -O2 -MT chromium_bsu-HeroAmmo.o -MD -MP -MF .deps/chromium_bsu-HeroAmmo.Tpo -c -o chromium_bsu-HeroAmmo.o `test -f 'HeroAmmo.cpp' || echo './'`HeroAmmo.cpp
mv -f .deps/chromium_bsu-GroundMetalSegment.Tpo .deps/chromium_bsu-GroundMetalSegment.Po
g++ -DHAVE_CONFIG_H -I. -I..     -I/usr/include/SDL2 -D_REENTRANT -I/usr/include/libpng16 -I/usr/include/aarch64-linux-gnu -I/usr/include/webp  -I/usr/include/SDL2 -D_REENTRANT  -I/usr/include/SDL2 -I/usr/include/glib-2.0 -I/usr/lib/aarch64-linux-gnu/glib-2.0/include -I/usr/include/opus -I/usr/include/aarch64-linux-gnu -I/usr/include/pipewire-0.3 -I/usr/include/spa-0.2 -I/usr/include/dbus-1.0 -I/usr/lib/aarch64-linux-gnu/dbus-1.0/include -I/usr/include/libinstpatch-2 -pthread -D_REENTRANT -D_DEFAULT_SOURCE -D_XOPEN_SOURCE=600  "-DPACKAGE=\"chromium-bsu\"" "-DLOCALEDIR=\"/workspaces/chromium-bsu/install/share/locale\"" "-DPKGDATADIR=\"/workspaces/chromium-bsu/install/share/chromium-bsu\""   -g -O2 -MT chromium_bsu-HiScore.o -MD -MP -MF .deps/chromium_bsu-HiScore.Tpo -c -o chromium_bsu-HiScore.o `test -f 'HiScore.cpp' || echo './'`HiScore.cpp
mv -f .deps/chromium_bsu-GroundSeaSegment.Tpo .deps/chromium_bsu-GroundSeaSegment.Po
g++ -DHAVE_CONFIG_H -I. -I..     -I/usr/include/SDL2 -D_REENTRANT -I/usr/include/libpng16 -I/usr/include/aarch64-linux-gnu -I/usr/include/webp  -I/usr/include/SDL2 -D_REENTRANT  -I/usr/include/SDL2 -I/usr/include/glib-2.0 -I/usr/lib/aarch64-linux-gnu/glib-2.0/include -I/usr/include/opus -I/usr/include/aarch64-linux-gnu -I/usr/include/pipewire-0.3 -I/usr/include/spa-0.2 -I/usr/include/dbus-1.0 -I/usr/lib/aarch64-linux-gnu/dbus-1.0/include -I/usr/include/libinstpatch-2 -pthread -D_REENTRANT -D_DEFAULT_SOURCE -D_XOPEN_SOURCE=600  "-DPACKAGE=\"chromium-bsu\"" "-DLOCALEDIR=\"/workspaces/chromium-bsu/install/share/locale\"" "-DPKGDATADIR=\"/workspaces/chromium-bsu/install/share/chromium-bsu\""   -g -O2 -MT chromium_bsu-Image.o -MD -MP -MF .deps/chromium_bsu-Image.Tpo -c -o chromium_bsu-Image.o `test -f 'Image.cpp' || echo './'`Image.cpp
mv -f .deps/chromium_bsu-HeroAmmo.Tpo .deps/chromium_bsu-HeroAmmo.Po
g++ -DHAVE_CONFIG_H -I. -I..     -I/usr/include/SDL2 -D_REENTRANT -I/usr/include/libpng16 -I/usr/include/aarch64-linux-gnu -I/usr/include/webp  -I/usr/include/SDL2 -D_REENTRANT  -I/usr/include/SDL2 -I/usr/include/glib-2.0 -I/usr/lib/aarch64-linux-gnu/glib-2.0/include -I/usr/include/opus -I/usr/include/aarch64-linux-gnu -I/usr/include/pipewire-0.3 -I/usr/include/spa-0.2 -I/usr/include/dbus-1.0 -I/usr/lib/aarch64-linux-gnu/dbus-1.0/include -I/usr/include/libinstpatch-2 -pthread -D_REENTRANT -D_DEFAULT_SOURCE -D_XOPEN_SOURCE=600  "-DPACKAGE=\"chromium-bsu\"" "-DLOCALEDIR=\"/workspaces/chromium-bsu/install/share/locale\"" "-DPKGDATADIR=\"/workspaces/chromium-bsu/install/share/chromium-bsu\""   -g -O2 -MT chromium_bsu-MainGL.o -MD -MP -MF .deps/chromium_bsu-MainGL.Tpo -c -o chromium_bsu-MainGL.o `test -f 'MainGL.cpp' || echo './'`MainGL.cpp
mv -f .deps/chromium_bsu-HiScore.Tpo .deps/chromium_bsu-HiScore.Po
g++ -DHAVE_CONFIG_H -I. -I..     -I/usr/include/SDL2 -D_REENTRANT -I/usr/include/libpng16 -I/usr/include/aarch64-linux-gnu -I/usr/include/webp  -I/usr/include/SDL2 -D_REENTRANT  -I/usr/include/SDL2 -I/usr/include/glib-2.0 -I/usr/lib/aarch64-linux-gnu/glib-2.0/include -I/usr/include/opus -I/usr/include/aarch64-linux-gnu -I/usr/include/pipewire-0.3 -I/usr/include/spa-0.2 -I/usr/include/dbus-1.0 -I/usr/lib/aarch64-linux-gnu/dbus-1.0/include -I/usr/include/libinstpatch-2 -pthread -D_REENTRANT -D_DEFAULT_SOURCE -D_XOPEN_SOURCE=600  "-DPACKAGE=\"chromium-bsu\"" "-DLOCALEDIR=\"/workspaces/chromium-bsu/install/share/locale\"" "-DPKGDATADIR=\"/workspaces/chromium-bsu/install/share/chromium-bsu\""   -g -O2 -MT chromium_bsu-MainGLUT.o -MD -MP -MF .deps/chromium_bsu-MainGLUT.Tpo -c -o chromium_bsu-MainGLUT.o `test -f 'MainGLUT.cpp' || echo './'`MainGLUT.cpp
mv -f .deps/chromium_bsu-MainGLUT.Tpo .deps/chromium_bsu-MainGLUT.Po
g++ -DHAVE_CONFIG_H -I. -I..     -I/usr/include/SDL2 -D_REENTRANT -I/usr/include/libpng16 -I/usr/include/aarch64-linux-gnu -I/usr/include/webp  -I/usr/include/SDL2 -D_REENTRANT  -I/usr/include/SDL2 -I/usr/include/glib-2.0 -I/usr/lib/aarch64-linux-gnu/glib-2.0/include -I/usr/include/opus -I/usr/include/aarch64-linux-gnu -I/usr/include/pipewire-0.3 -I/usr/include/spa-0.2 -I/usr/include/dbus-1.0 -I/usr/lib/aarch64-linux-gnu/dbus-1.0/include -I/usr/include/libinstpatch-2 -pthread -D_REENTRANT -D_DEFAULT_SOURCE -D_XOPEN_SOURCE=600  "-DPACKAGE=\"chromium-bsu\"" "-DLOCALEDIR=\"/workspaces/chromium-bsu/install/share/locale\"" "-DPKGDATADIR=\"/workspaces/chromium-bsu/install/share/chromium-bsu\""   -g -O2 -MT chromium_bsu-MainSDL.o -MD -MP -MF .deps/chromium_bsu-MainSDL.Tpo -c -o chromium_bsu-MainSDL.o `test -f 'MainSDL.cpp' || echo './'`MainSDL.cpp
mv -f .deps/chromium_bsu-HeroAircraft.Tpo .deps/chromium_bsu-HeroAircraft.Po
g++ -DHAVE_CONFIG_H -I. -I..     -I/usr/include/SDL2 -D_REENTRANT -I/usr/include/libpng16 -I/usr/include/aarch64-linux-gnu -I/usr/include/webp  -I/usr/include/SDL2 -D_REENTRANT  -I/usr/include/SDL2 -I/usr/include/glib-2.0 -I/usr/lib/aarch64-linux-gnu/glib-2.0/include -I/usr/include/opus -I/usr/include/aarch64-linux-gnu -I/usr/include/pipewire-0.3 -I/usr/include/spa-0.2 -I/usr/include/dbus-1.0 -I/usr/lib/aarch64-linux-gnu/dbus-1.0/include -I/usr/include/libinstpatch-2 -pthread -D_REENTRANT -D_DEFAULT_SOURCE -D_XOPEN_SOURCE=600  "-DPACKAGE=\"chromium-bsu\"" "-DLOCALEDIR=\"/workspaces/chromium-bsu/install/share/locale\"" "-DPKGDATADIR=\"/workspaces/chromium-bsu/install/share/chromium-bsu\""   -g -O2 -MT chromium_bsu-MainSDL_Event.o -MD -MP -MF .deps/chromium_bsu-MainSDL_Event.Tpo -c -o chromium_bsu-MainSDL_Event.o `test -f 'MainSDL_Event.cpp' || echo './'`MainSDL_Event.cpp
mv -f .deps/chromium_bsu-MainGL.Tpo .deps/chromium_bsu-MainGL.Po
g++ -DHAVE_CONFIG_H -I. -I..     -I/usr/include/SDL2 -D_REENTRANT -I/usr/include/libpng16 -I/usr/include/aarch64-linux-gnu -I/usr/include/webp  -I/usr/include/SDL2 -D_REENTRANT  -I/usr/include/SDL2 -I/usr/include/glib-2.0 -I/usr/lib/aarch64-linux-gnu/glib-2.0/include -I/usr/include/opus -I/usr/include/aarch64-linux-gnu -I/usr/include/pipewire-0.3 -I/usr/include/spa-0.2 -I/usr/include/dbus-1.0 -I/usr/lib/aarch64-linux-gnu/dbus-1.0/include -I/usr/include/libinstpatch-2 -pthread -D_REENTRANT -D_DEFAULT_SOURCE -D_XOPEN_SOURCE=600  "-DPACKAGE=\"chromium-bsu\"" "-DLOCALEDIR=\"/workspaces/chromium-bsu/install/share/locale\"" "-DPKGDATADIR=\"/workspaces/chromium-bsu/install/share/chromium-bsu\""   -g -O2 -MT chromium_bsu-MainToolkit.o -MD -MP -MF .deps/chromium_bsu-MainToolkit.Tpo -c -o chromium_bsu-MainToolkit.o `test -f 'MainToolkit.cpp' || echo './'`MainToolkit.cpp
mv -f .deps/chromium_bsu-MainToolkit.Tpo .deps/chromium_bsu-MainToolkit.Po
g++ -DHAVE_CONFIG_H -I. -I..     -I/usr/include/SDL2 -D_REENTRANT -I/usr/include/libpng16 -I/usr/include/aarch64-linux-gnu -I/usr/include/webp  -I/usr/include/SDL2 -D_REENTRANT  -I/usr/include/SDL2 -I/usr/include/glib-2.0 -I/usr/lib/aarch64-linux-gnu/glib-2.0/include -I/usr/include/opus -I/usr/include/aarch64-linux-gnu -I/usr/include/pipewire-0.3 -I/usr/include/spa-0.2 -I/usr/include/dbus-1.0 -I/usr/lib/aarch64-linux-gnu/dbus-1.0/include -I/usr/include/libinstpatch-2 -pthread -D_REENTRANT -D_DEFAULT_SOURCE -D_XOPEN_SOURCE=600  "-DPACKAGE=\"chromium-bsu\"" "-DLOCALEDIR=\"/workspaces/chromium-bsu/install/share/locale\"" "-DPKGDATADIR=\"/workspaces/chromium-bsu/install/share/chromium-bsu\""   -g -O2 -MT chromium_bsu-MenuGL.o -MD -MP -MF .deps/chromium_bsu-MenuGL.Tpo -c -o chromium_bsu-MenuGL.o `test -f 'MenuGL.cpp' || echo './'`MenuGL.cpp
mv -f .deps/chromium_bsu-Image.Tpo .deps/chromium_bsu-Image.Po
g++ -DHAVE_CONFIG_H -I. -I..     -I/usr/include/SDL2 -D_REENTRANT -I/usr/include/libpng16 -I/usr/include/aarch64-linux-gnu -I/usr/include/webp  -I/usr/include/SDL2 -D_REENTRANT  -I/usr/include/SDL2 -I/usr/include/glib-2.0 -I/usr/lib/aarch64-linux-gnu/glib-2.0/include -I/usr/include/opus -I/usr/include/aarch64-linux-gnu -I/usr/include/pipewire-0.3 -I/usr/include/spa-0.2 -I/usr/include/dbus-1.0 -I/usr/lib/aarch64-linux-gnu/dbus-1.0/include -I/usr/include/libinstpatch-2 -pthread -D_REENTRANT -D_DEFAULT_SOURCE -D_XOPEN_SOURCE=600  "-DPACKAGE=\"chromium-bsu\"" "-DLOCALEDIR=\"/workspaces/chromium-bsu/install/share/locale\"" "-DPKGDATADIR=\"/workspaces/chromium-bsu/install/share/chromium-bsu\""   -g -O2 -MT chromium_bsu-PowerUps.o -MD -MP -MF .deps/chromium_bsu-PowerUps.Tpo -c -o chromium_bsu-PowerUps.o `test -f 'PowerUps.cpp' || echo './'`PowerUps.cpp
mv -f .deps/chromium_bsu-MainSDL.Tpo .deps/chromium_bsu-MainSDL.Po
g++ -DHAVE_CONFIG_H -I. -I..     -I/usr/include/SDL2 -D_REENTRANT -I/usr/include/libpng16 -I/usr/include/aarch64-linux-gnu -I/usr/include/webp  -I/usr/include/SDL2 -D_REENTRANT  -I/usr/include/SDL2 -I/usr/include/glib-2.0 -I/usr/lib/aarch64-linux-gnu/glib-2.0/include -I/usr/include/opus -I/usr/include/aarch64-linux-gnu -I/usr/include/pipewire-0.3 -I/usr/include/spa-0.2 -I/usr/include/dbus-1.0 -I/usr/lib/aarch64-linux-gnu/dbus-1.0/include -I/usr/include/libinstpatch-2 -pthread -D_REENTRANT -D_DEFAULT_SOURCE -D_XOPEN_SOURCE=600  "-DPACKAGE=\"chromium-bsu\"" "-DLOCALEDIR=\"/workspaces/chromium-bsu/install/share/locale\"" "-DPKGDATADIR=\"/workspaces/chromium-bsu/install/share/chromium-bsu\""   -g -O2 -MT chromium_bsu-ScreenItemAdd.o -MD -MP -MF .deps/chromium_bsu-ScreenItemAdd.Tpo -c -o chromium_bsu-ScreenItemAdd.o `test -f 'ScreenItemAdd.cpp' || echo './'`ScreenItemAdd.cpp
mv -f .deps/chromium_bsu-PowerUps.Tpo .deps/chromium_bsu-PowerUps.Po
g++ -DHAVE_CONFIG_H -I. -I..     -I/usr/include/SDL2 -D_REENTRANT -I/usr/include/libpng16 -I/usr/include/aarch64-linux-gnu -I/usr/include/webp  -I/usr/include/SDL2 -D_REENTRANT  -I/usr/include/SDL2 -I/usr/include/glib-2.0 -I/usr/lib/aarch64-linux-gnu/glib-2.0/include -I/usr/include/opus -I/usr/include/aarch64-linux-gnu -I/usr/include/pipewire-0.3 -I/usr/include/spa-0.2 -I/usr/include/dbus-1.0 -I/usr/lib/aarch64-linux-gnu/dbus-1.0/include -I/usr/include/libinstpatch-2 -pthread -D_REENTRANT -D_DEFAULT_SOURCE -D_XOPEN_SOURCE=600  "-DPACKAGE=\"chromium-bsu\"" "-DLOCALEDIR=\"/workspaces/chromium-bsu/install/share/locale\"" "-DPKGDATADIR=\"/workspaces/chromium-bsu/install/share/chromium-bsu\""   -g -O2 -MT chromium_bsu-ScreenItem.o -MD -MP -MF .deps/chromium_bsu-ScreenItem.Tpo -c -o chromium_bsu-ScreenItem.o `test -f 'ScreenItem.cpp' || echo './'`ScreenItem.cpp
mv -f .deps/chromium_bsu-ScreenItem.Tpo .deps/chromium_bsu-ScreenItem.Po
g++ -DHAVE_CONFIG_H -I. -I..     -I/usr/include/SDL2 -D_REENTRANT -I/usr/include/libpng16 -I/usr/include/aarch64-linux-gnu -I/usr/include/webp  -I/usr/include/SDL2 -D_REENTRANT  -I/usr/include/SDL2 -I/usr/include/glib-2.0 -I/usr/lib/aarch64-linux-gnu/glib-2.0/include -I/usr/include/opus -I/usr/include/aarch64-linux-gnu -I/usr/include/pipewire-0.3 -I/usr/include/spa-0.2 -I/usr/include/dbus-1.0 -I/usr/lib/aarch64-linux-gnu/dbus-1.0/include -I/usr/include/libinstpatch-2 -pthread -D_REENTRANT -D_DEFAULT_SOURCE -D_XOPEN_SOURCE=600  "-DPACKAGE=\"chromium-bsu\"" "-DLOCALEDIR=\"/workspaces/chromium-bsu/install/share/locale\"" "-DPKGDATADIR=\"/workspaces/chromium-bsu/install/share/chromium-bsu\""   -g -O2 -MT chromium_bsu-StatusDisplay.o -MD -MP -MF .deps/chromium_bsu-StatusDisplay.Tpo -c -o chromium_bsu-StatusDisplay.o `test -f 'StatusDisplay.cpp' || echo './'`StatusDisplay.cpp
mv -f .deps/chromium_bsu-MenuGL.Tpo .deps/chromium_bsu-MenuGL.Po
g++ -DHAVE_CONFIG_H -I. -I..     -I/usr/include/SDL2 -D_REENTRANT -I/usr/include/libpng16 -I/usr/include/aarch64-linux-gnu -I/usr/include/webp  -I/usr/include/SDL2 -D_REENTRANT  -I/usr/include/SDL2 -I/usr/include/glib-2.0 -I/usr/lib/aarch64-linux-gnu/glib-2.0/include -I/usr/include/opus -I/usr/include/aarch64-linux-gnu -I/usr/include/pipewire-0.3 -I/usr/include/spa-0.2 -I/usr/include/dbus-1.0 -I/usr/lib/aarch64-linux-gnu/dbus-1.0/include -I/usr/include/libinstpatch-2 -pthread -D_REENTRANT -D_DEFAULT_SOURCE -D_XOPEN_SOURCE=600  "-DPACKAGE=\"chromium-bsu\"" "-DLOCALEDIR=\"/workspaces/chromium-bsu/install/share/locale\"" "-DPKGDATADIR=\"/workspaces/chromium-bsu/install/share/chromium-bsu\""   -g -O2 -MT chromium_bsu-textGeometryBSU.o -MD -MP -MF .deps/chromium_bsu-textGeometryBSU.Tpo -c -o chromium_bsu-textGeometryBSU.o `test -f 'textGeometryBSU.cpp' || echo './'`textGeometryBSU.cpp
mv -f .deps/chromium_bsu-MainSDL_Event.Tpo .deps/chromium_bsu-MainSDL_Event.Po
g++ -DHAVE_CONFIG_H -I. -I..     -I/usr/include/SDL2 -D_REENTRANT -I/usr/include/libpng16 -I/usr/include/aarch64-linux-gnu -I/usr/include/webp  -I/usr/include/SDL2 -D_REENTRANT  -I/usr/include/SDL2 -I/usr/include/glib-2.0 -I/usr/lib/aarch64-linux-gnu/glib-2.0/include -I/usr/include/opus -I/usr/include/aarch64-linux-gnu -I/usr/include/pipewire-0.3 -I/usr/include/spa-0.2 -I/usr/include/dbus-1.0 -I/usr/lib/aarch64-linux-gnu/dbus-1.0/include -I/usr/include/libinstpatch-2 -pthread -D_REENTRANT -D_DEFAULT_SOURCE -D_XOPEN_SOURCE=600  "-DPACKAGE=\"chromium-bsu\"" "-DLOCALEDIR=\"/workspaces/chromium-bsu/install/share/locale\"" "-DPKGDATADIR=\"/workspaces/chromium-bsu/install/share/chromium-bsu\""   -g -O2 -MT chromium_bsu-textGeometryChromium.o -MD -MP -MF .deps/chromium_bsu-textGeometryChromium.Tpo -c -o chromium_bsu-textGeometryChromium.o `test -f 'textGeometryChromium.cpp' || echo './'`textGeometryChromium.cpp
mv -f .deps/chromium_bsu-textGeometryBSU.Tpo .deps/chromium_bsu-textGeometryBSU.Po
g++ -DHAVE_CONFIG_H -I. -I..     -I/usr/include/SDL2 -D_REENTRANT -I/usr/include/libpng16 -I/usr/include/aarch64-linux-gnu -I/usr/include/webp  -I/usr/include/SDL2 -D_REENTRANT  -I/usr/include/SDL2 -I/usr/include/glib-2.0 -I/usr/lib/aarch64-linux-gnu/glib-2.0/include -I/usr/include/opus -I/usr/include/aarch64-linux-gnu -I/usr/include/pipewire-0.3 -I/usr/include/spa-0.2 -I/usr/include/dbus-1.0 -I/usr/lib/aarch64-linux-gnu/dbus-1.0/include -I/usr/include/libinstpatch-2 -pthread -D_REENTRANT -D_DEFAULT_SOURCE -D_XOPEN_SOURCE=600  "-DPACKAGE=\"chromium-bsu\"" "-DLOCALEDIR=\"/workspaces/chromium-bsu/install/share/locale\"" "-DPKGDATADIR=\"/workspaces/chromium-bsu/install/share/chromium-bsu\""   -g -O2 -MT chromium_bsu-Text.o -MD -MP -MF .deps/chromium_bsu-Text.Tpo -c -o chromium_bsu-Text.o `test -f 'Text.cpp' || echo './'`Text.cpp
mv -f .deps/chromium_bsu-textGeometryChromium.Tpo .deps/chromium_bsu-textGeometryChromium.Po
mv -f .deps/chromium_bsu-Text.Tpo .deps/chromium_bsu-Text.Po
g++ -DHAVE_CONFIG_H -I. -I..     -I/usr/include/SDL2 -D_REENTRANT -I/usr/include/libpng16 -I/usr/include/aarch64-linux-gnu -I/usr/include/webp  -I/usr/include/SDL2 -D_REENTRANT  -I/usr/include/SDL2 -I/usr/include/glib-2.0 -I/usr/lib/aarch64-linux-gnu/glib-2.0/include -I/usr/include/opus -I/usr/include/aarch64-linux-gnu -I/usr/include/pipewire-0.3 -I/usr/include/spa-0.2 -I/usr/include/dbus-1.0 -I/usr/lib/aarch64-linux-gnu/dbus-1.0/include -I/usr/include/libinstpatch-2 -pthread -D_REENTRANT -D_DEFAULT_SOURCE -D_XOPEN_SOURCE=600  "-DPACKAGE=\"chromium-bsu\"" "-DLOCALEDIR=\"/workspaces/chromium-bsu/install/share/locale\"" "-DPKGDATADIR=\"/workspaces/chromium-bsu/install/share/chromium-bsu\""   -g -O2 -MT chromium_bsu-TextGLC.o -MD -MP -MF .deps/chromium_bsu-TextGLC.Tpo -c -o chromium_bsu-TextGLC.o `test -f 'TextGLC.cpp' || echo './'`TextGLC.cpp
g++ -DHAVE_CONFIG_H -I. -I..     -I/usr/include/SDL2 -D_REENTRANT -I/usr/include/libpng16 -I/usr/include/aarch64-linux-gnu -I/usr/include/webp  -I/usr/include/SDL2 -D_REENTRANT  -I/usr/include/SDL2 -I/usr/include/glib-2.0 -I/usr/lib/aarch64-linux-gnu/glib-2.0/include -I/usr/include/opus -I/usr/include/aarch64-linux-gnu -I/usr/include/pipewire-0.3 -I/usr/include/spa-0.2 -I/usr/include/dbus-1.0 -I/usr/lib/aarch64-linux-gnu/dbus-1.0/include -I/usr/include/libinstpatch-2 -pthread -D_REENTRANT -D_DEFAULT_SOURCE -D_XOPEN_SOURCE=600  "-DPACKAGE=\"chromium-bsu\"" "-DLOCALEDIR=\"/workspaces/chromium-bsu/install/share/locale\"" "-DPKGDATADIR=\"/workspaces/chromium-bsu/install/share/chromium-bsu\""   -g -O2 -MT chromium_bsu-TextFTGL.o -MD -MP -MF .deps/chromium_bsu-TextFTGL.Tpo -c -o chromium_bsu-TextFTGL.o `test -f 'TextFTGL.cpp' || echo './'`TextFTGL.cpp
mv -f .deps/chromium_bsu-TextFTGL.Tpo .deps/chromium_bsu-TextFTGL.Po
g++ -DHAVE_CONFIG_H -I. -I..     -I/usr/include/SDL2 -D_REENTRANT -I/usr/include/libpng16 -I/usr/include/aarch64-linux-gnu -I/usr/include/webp  -I/usr/include/SDL2 -D_REENTRANT  -I/usr/include/SDL2 -I/usr/include/glib-2.0 -I/usr/lib/aarch64-linux-gnu/glib-2.0/include -I/usr/include/opus -I/usr/include/aarch64-linux-gnu -I/usr/include/pipewire-0.3 -I/usr/include/spa-0.2 -I/usr/include/dbus-1.0 -I/usr/lib/aarch64-linux-gnu/dbus-1.0/include -I/usr/include/libinstpatch-2 -pthread -D_REENTRANT -D_DEFAULT_SOURCE -D_XOPEN_SOURCE=600  "-DPACKAGE=\"chromium-bsu\"" "-DLOCALEDIR=\"/workspaces/chromium-bsu/install/share/locale\"" "-DPKGDATADIR=\"/workspaces/chromium-bsu/install/share/chromium-bsu\""   -g -O2 -MT chromium_bsu-main.o -MD -MP -MF .deps/chromium_bsu-main.Tpo -c -o chromium_bsu-main.o `test -f 'main.cpp' || echo './'`main.cpp
mv -f .deps/chromium_bsu-ScreenItemAdd.Tpo .deps/chromium_bsu-ScreenItemAdd.Po
mv -f .deps/chromium_bsu-TextGLC.Tpo .deps/chromium_bsu-TextGLC.Po
mv -f .deps/chromium_bsu-StatusDisplay.Tpo .deps/chromium_bsu-StatusDisplay.Po
mv -f .deps/chromium_bsu-main.Tpo .deps/chromium_bsu-main.Po
g++  -g -O2   -o chromium-bsu chromium_bsu-Ammo.o chromium_bsu-Audio.o chromium_bsu-AudioOpenAL.o chromium_bsu-AudioSDLMixer.o chromium_bsu-Config.o chromium_bsu-EnemyAircraft_Boss00.o chromium_bsu-EnemyAircraft_Boss01.o chromium_bsu-EnemyAircraft.o chromium_bsu-EnemyAircraft_Gnat.o chromium_bsu-EnemyAircraft_Omni.o chromium_bsu-EnemyAircraft_RayGun.o chromium_bsu-EnemyAircraft_Straight.o chromium_bsu-EnemyAircraft_Tank.o chromium_bsu-EnemyAmmo.o chromium_bsu-EnemyFleet.o chromium_bsu-Explosions.o chromium_bsu-Global.o chromium_bsu-Ground.o chromium_bsu-GroundMetal.o chromium_bsu-GroundMetalSegment.o chromium_bsu-GroundSea.o chromium_bsu-GroundSeaSegment.o chromium_bsu-GroundSegment.o chromium_bsu-HeroAircraft.o chromium_bsu-HeroAmmo.o chromium_bsu-HiScore.o chromium_bsu-Image.o chromium_bsu-MainGL.o chromium_bsu-MainGLUT.o chromium_bsu-MainSDL.o chromium_bsu-MainSDL_Event.o chromium_bsu-MainToolkit.o chromium_bsu-MenuGL.o chromium_bsu-PowerUps.o chromium_bsu-ScreenItemAdd.o chromium_bsu-ScreenItem.o chromium_bsu-StatusDisplay.o chromium_bsu-textGeometryBSU.o chromium_bsu-textGeometryChromium.o chromium_bsu-Text.o chromium_bsu-TextGLC.o chromium_bsu-TextFTGL.o chromium_bsu-main.o -lGL  -lGLU  -lGLC -lSDL2_image -lSDL2  -lSDL2  -lSDL2_mixer -lSDL2   -lGLU  -lGL  
make[2]: Leaving directory '/workspaces/chromium-bsu/src'
Making all in m4
make[2]: Entering directory '/workspaces/chromium-bsu/m4'
make[2]: Nothing to be done for 'all'.
make[2]: Leaving directory '/workspaces/chromium-bsu/m4'
Making all in data
make[2]: Entering directory '/workspaces/chromium-bsu/data'
Making all in doc
make[3]: Entering directory '/workspaces/chromium-bsu/data/doc'
Making all in images
make[4]: Entering directory '/workspaces/chromium-bsu/data/doc/images'
make[4]: Nothing to be done for 'all'.
make[4]: Leaving directory '/workspaces/chromium-bsu/data/doc/images'
make[4]: Entering directory '/workspaces/chromium-bsu/data/doc'
make[4]: Nothing to be done for 'all-am'.
make[4]: Leaving directory '/workspaces/chromium-bsu/data/doc'
make[3]: Leaving directory '/workspaces/chromium-bsu/data/doc'
Making all in png
make[3]: Entering directory '/workspaces/chromium-bsu/data/png'
make[3]: Nothing to be done for 'all'.
make[3]: Leaving directory '/workspaces/chromium-bsu/data/png'
Making all in wav
make[3]: Entering directory '/workspaces/chromium-bsu/data/wav'
make[3]: Nothing to be done for 'all'.
make[3]: Leaving directory '/workspaces/chromium-bsu/data/wav'
make[3]: Entering directory '/workspaces/chromium-bsu/data'
make[3]: Nothing to be done for 'all-am'.
make[3]: Leaving directory '/workspaces/chromium-bsu/data'
make[2]: Leaving directory '/workspaces/chromium-bsu/data'
make[2]: Entering directory '/workspaces/chromium-bsu'
make[2]: Leaving directory '/workspaces/chromium-bsu'
make[1]: Leaving directory '/workspaces/chromium-bsu'
